Fetching distribution.
Downloading https://services.gradle.org/distributions/gradle-9.7.1-bin.zip
..............10%..............20%...............30%..............40%...............50%..............60%...............70%..............80%..............90%...............100%

Welcome to Gradle 9.7.1!

Here are the highlights of this release:
 - Isolated Projects graduates to incubating
 - Broader Configuration Cache compatibility
 - Resilient Sync helps you fix broken builds
 - More source locations in problem reports

For more details see https://docs.gradle.org/9.7.1/release-notes.html

Starting a Gradle Daemon (subsequent builds will be faster)

> Configure project :
Fabric Loom: 1.18.2

duplicate input class net/fabricmc/fabric/mixin/tag/package-info, from /home/runner/.gradle/caches/modules-2/files-2.1/net.fabricmc.fabric-api/fabric-convention-tags-v2/2.12.0+c3656daa19/45cd5f071ec42e13b8b6ce15c8f83db322da2494/fabric-convention-tags-v2-2.12.0+c3656daa19.jar and /home/runner/.gradle/caches/modules-2/files-2.1/net.fabricmc.fabric-api/fabric-tag-api-v1/1.3.0+1eb36c0719/ba08d91572b12cd23a2d7a193ed45c26f8da62b0/fabric-tag-api-v1-1.3.0+1eb36c0719.jar

> Task :compileJava
Note: /home/runner/work/item-combinator/item-combinator/src/main/java/com/combinator/ability/Spells.java uses or overrides a deprecated API.
Note: Recompile with -Xlint:deprecation for details.

> Task :processResources
> Task :classes
> Task :compileClientJava
> Task :processClientResources NO-SOURCE
> Task :jar
> Task :processIncludeJars
> Task :clientClasses
> Task :compileTestJava NO-SOURCE
> Task :processTestResources NO-SOURCE
> Task :testClasses UP-TO-DATE
> Task :test NO-SOURCE
> Task :validateAccessWidener NO-SOURCE
> Task :check
> Task :remapJar
> Task :remapSourcesJar SKIPPED
> Task :assemble
> Task :build

[Incubating] Problems report is available at: file:///home/runner/work/item-combinator/item-combinator/build/reports/problems/problems-report.html

BUILD SUCCESSFUL in 1m 5s
6 actionable tasks: 6 executed
Consider enabling configuration cache to speed up this build: https://docs.gradle.org/9.7.1/userguide/configuration_cache_enabling.html
